0 verbose cli /usr/bin/node-18 /usr/bin/npm
1 info using npm@10.8.2
2 info using node@v18.20.8
3 silly config load:file:/usr/lib/nodejs18/lib/node_modules/npm/npmrc
4 silly config load:file:/home/ec2-user/livekit/token-generator/.npmrc
5 silly config load:file:/home/ec2-user/.npmrc
6 silly config load:file:/etc/npmrc
7 verbose title npm start
8 verbose argv "start"
9 verbose logfile logs-max:10 dir:/home/ec2-user/.npm/_logs/2026-05-22T08_30_48_669Z-
10 verbose logfile /home/ec2-user/.npm/_logs/2026-05-22T08_30_48_669Z-debug-0.log
11 silly logfile done cleaning log files
12 verbose stack Error: Missing script: "start"
12 verbose stack
12 verbose stack Did you mean one of these?
12 verbose stack   npm star # Mark your favorite packages
12 verbose stack   npm stars # View packages marked as favorites
12 verbose stack
12 verbose stack To see a list of scripts, run:
12 verbose stack   npm run
12 verbose stack     at #run (/usr/lib/nodejs18/lib/node_modules/npm/lib/commands/run-script.js:110:13)
12 verbose stack     at async RunScript.exec (/usr/lib/nodejs18/lib/node_modules/npm/lib/commands/run-script.js:39:7)
12 verbose stack     at async Npm.exec (/usr/lib/nodejs18/lib/node_modules/npm/lib/npm.js:207:9)
12 verbose stack     at async module.exports (/usr/lib/nodejs18/lib/node_modules/npm/lib/cli/entry.js:74:5)
13 error Missing script: "start"
13 error
13 error Did you mean one of these?
13 error   npm star # Mark your favorite packages
13 error   npm stars # View packages marked as favorites
13 error
13 error To see a list of scripts, run:
13 error   npm run
14 verbose cwd /home/ec2-user/livekit/token-generator
15 verbose os Linux 6.1.170-213.321.amzn2023.x86_64
16 verbose node v18.20.8
17 verbose npm  v10.8.2
18 verbose exit 1
19 verbose code 1
20 error A complete log of this run can be found in: /home/ec2-user/.npm/_logs/2026-05-22T08_30_48_669Z-debug-0.log
