0 verbose cli /usr/bin/node-18 /usr/bin/npm
1 info using npm@10.8.2
2 info using node@v18.20.8
3 silly config load:file:/usr/lib/nodejs18/lib/node_modules/npm/npmrc
4 silly config load:file:/home/ec2-user/livekit/token-generator/.npmrc
5 silly config load:file:/home/ec2-user/.npmrc
6 silly config load:file:/etc/npmrc
7 verbose title npm install jsonwebtoken
8 verbose argv "install" "jsonwebtoken"
9 verbose logfile logs-max:10 dir:/home/ec2-user/.npm/_logs/2026-05-20T08_51_31_958Z-
10 verbose logfile /home/ec2-user/.npm/_logs/2026-05-20T08_51_31_958Z-debug-0.log
11 silly packumentCache heap:2197815296 maxSize:549453824 maxEntrySize:274726912
12 silly logfile done cleaning log files
13 silly idealTree buildDeps
14 silly fetch manifest jsonwebtoken@*
15 silly packumentCache full:https://registry.npmjs.org/jsonwebtoken cache-miss
16 http fetch GET 200 https://registry.npmjs.org/jsonwebtoken 73ms (cache miss)
17 silly packumentCache full:https://registry.npmjs.org/jsonwebtoken set size:undefined disposed:false
18 silly placeDep ROOT jsonwebtoken@9.0.3 OK for: token-generator@1.0.0 want: *
19 silly fetch manifest ms@^2.1.1
20 silly packumentCache full:https://registry.npmjs.org/ms cache-miss
21 http fetch GET 200 https://registry.npmjs.org/ms 23ms (cache miss)
22 silly packumentCache full:https://registry.npmjs.org/ms set size:undefined disposed:false
23 silly fetch manifest jws@^4.0.1
24 silly packumentCache full:https://registry.npmjs.org/jws cache-miss
25 http fetch GET 200 https://registry.npmjs.org/jws 23ms (cache miss)
26 silly packumentCache full:https://registry.npmjs.org/jws set size:undefined disposed:false
27 silly fetch manifest semver@^7.5.4
28 silly packumentCache full:https://registry.npmjs.org/semver cache-miss
29 http fetch GET 200 https://registry.npmjs.org/semver 28ms (cache miss)
30 silly packumentCache full:https://registry.npmjs.org/semver set size:undefined disposed:false
31 silly fetch manifest lodash.once@^4.0.0
32 silly packumentCache full:https://registry.npmjs.org/lodash.once cache-miss
33 http fetch GET 200 https://registry.npmjs.org/lodash.once 39ms (cache miss)
34 silly packumentCache full:https://registry.npmjs.org/lodash.once set size:undefined disposed:false
35 silly fetch manifest lodash.includes@^4.3.0
36 silly packumentCache full:https://registry.npmjs.org/lodash.includes cache-miss
37 http fetch GET 200 https://registry.npmjs.org/lodash.includes 21ms (cache miss)
38 silly packumentCache full:https://registry.npmjs.org/lodash.includes set size:undefined disposed:false
39 silly fetch manifest lodash.isnumber@^3.0.3
40 silly packumentCache full:https://registry.npmjs.org/lodash.isnumber cache-miss
41 http fetch GET 200 https://registry.npmjs.org/lodash.isnumber 24ms (cache miss)
42 silly packumentCache full:https://registry.npmjs.org/lodash.isnumber set size:undefined disposed:false
43 silly fetch manifest lodash.isstring@^4.0.1
44 silly packumentCache full:https://registry.npmjs.org/lodash.isstring cache-miss
45 http fetch GET 200 https://registry.npmjs.org/lodash.isstring 26ms (cache miss)
46 silly packumentCache full:https://registry.npmjs.org/lodash.isstring set size:undefined disposed:false
47 silly fetch manifest lodash.isboolean@^3.0.3
48 silly packumentCache full:https://registry.npmjs.org/lodash.isboolean cache-miss
49 http fetch GET 200 https://registry.npmjs.org/lodash.isboolean 23ms (cache miss)
50 silly packumentCache full:https://registry.npmjs.org/lodash.isboolean set size:undefined disposed:false
51 silly fetch manifest lodash.isinteger@^4.0.4
52 silly packumentCache full:https://registry.npmjs.org/lodash.isinteger cache-miss
53 http fetch GET 200 https://registry.npmjs.org/lodash.isinteger 23ms (cache miss)
54 silly packumentCache full:https://registry.npmjs.org/lodash.isinteger set size:undefined disposed:false
55 silly fetch manifest lodash.isplainobject@^4.0.6
56 silly packumentCache full:https://registry.npmjs.org/lodash.isplainobject cache-miss
57 http fetch GET 200 https://registry.npmjs.org/lodash.isplainobject 22ms (cache miss)
58 silly packumentCache full:https://registry.npmjs.org/lodash.isplainobject set size:undefined disposed:false
59 silly placeDep ROOT jws@4.0.1 OK for: jsonwebtoken@9.0.3 want: ^4.0.1
60 silly placeDep ROOT lodash.includes@4.3.0 OK for: jsonwebtoken@9.0.3 want: ^4.3.0
61 silly placeDep ROOT lodash.isboolean@3.0.3 OK for: jsonwebtoken@9.0.3 want: ^3.0.3
62 silly placeDep ROOT lodash.isinteger@4.0.4 OK for: jsonwebtoken@9.0.3 want: ^4.0.4
63 silly placeDep ROOT lodash.isnumber@3.0.3 OK for: jsonwebtoken@9.0.3 want: ^3.0.3
64 silly placeDep ROOT lodash.isplainobject@4.0.6 OK for: jsonwebtoken@9.0.3 want: ^4.0.6
65 silly placeDep ROOT lodash.isstring@4.0.1 OK for: jsonwebtoken@9.0.3 want: ^4.0.1
66 silly placeDep ROOT lodash.once@4.1.1 OK for: jsonwebtoken@9.0.3 want: ^4.0.0
67 silly placeDep ROOT ms@2.1.3 OK for: jsonwebtoken@9.0.3 want: ^2.1.1
68 silly placeDep ROOT semver@7.8.0 OK for: jsonwebtoken@9.0.3 want: ^7.5.4
69 silly fetch manifest jwa@^2.0.1
70 silly packumentCache full:https://registry.npmjs.org/jwa cache-miss
71 http fetch GET 200 https://registry.npmjs.org/jwa 21ms (cache miss)
72 silly packumentCache full:https://registry.npmjs.org/jwa set size:undefined disposed:false
73 silly fetch manifest safe-buffer@^5.0.1
74 silly packumentCache full:https://registry.npmjs.org/safe-buffer cache-miss
75 http fetch GET 200 https://registry.npmjs.org/safe-buffer 21ms (cache miss)
76 silly packumentCache full:https://registry.npmjs.org/safe-buffer set size:undefined disposed:false
77 silly placeDep ROOT jwa@2.0.1 OK for: jws@4.0.1 want: ^2.0.1
78 silly placeDep ROOT safe-buffer@5.2.1 OK for: jws@4.0.1 want: ^5.0.1
79 silly fetch manifest ecdsa-sig-formatter@1.0.11
80 silly packumentCache full:https://registry.npmjs.org/ecdsa-sig-formatter cache-miss
81 http fetch GET 200 https://registry.npmjs.org/ecdsa-sig-formatter 22ms (cache miss)
82 silly packumentCache full:https://registry.npmjs.org/ecdsa-sig-formatter set size:undefined disposed:false
83 silly fetch manifest buffer-equal-constant-time@^1.0.1
84 silly packumentCache full:https://registry.npmjs.org/buffer-equal-constant-time cache-miss
85 http fetch GET 200 https://registry.npmjs.org/buffer-equal-constant-time 19ms (cache miss)
86 silly packumentCache full:https://registry.npmjs.org/buffer-equal-constant-time set size:undefined disposed:false
87 silly placeDep ROOT buffer-equal-constant-time@1.0.1 OK for: jwa@2.0.1 want: ^1.0.1
88 silly placeDep ROOT ecdsa-sig-formatter@1.0.11 OK for: jwa@2.0.1 want: 1.0.11
89 silly reify moves {}
90 silly audit bulk request {
90 silly audit   jsonwebtoken: [ '9.0.3' ],
90 silly audit   jws: [ '4.0.1' ],
90 silly audit   'lodash.includes': [ '4.3.0' ],
90 silly audit   'lodash.isboolean': [ '3.0.3' ],
90 silly audit   'lodash.isinteger': [ '4.0.4' ],
90 silly audit   'lodash.isnumber': [ '3.0.3' ],
90 silly audit   'lodash.isplainobject': [ '4.0.6' ],
90 silly audit   'lodash.isstring': [ '4.0.1' ],
90 silly audit   'lodash.once': [ '4.1.1' ],
90 silly audit   ms: [ '2.1.3' ],
90 silly audit   semver: [ '7.8.0' ],
90 silly audit   jwa: [ '2.0.1' ],
90 silly audit   'safe-buffer': [ '5.2.1' ],
90 silly audit   'buffer-equal-constant-time': [ '1.0.1' ],
90 silly audit   'ecdsa-sig-formatter': [ '1.0.11' ]
90 silly audit }
91 silly tarball no local data for buffer-equal-constant-time@https://registry.npmjs.org/buffer-equal-constant-time/-/buffer-equal-constant-time-1.0.1.tgz. Extracting by manifest.
92 silly tarball no local data for ecdsa-sig-formatter@https://registry.npmjs.org/ecdsa-sig-formatter/-/ecdsa-sig-formatter-1.0.11.tgz. Extracting by manifest.
93 silly tarball no local data for safe-buffer@https://registry.npmjs.org/safe-buffer/-/safe-buffer-5.2.1.tgz. Extracting by manifest.
94 silly tarball no local data for jwa@https://registry.npmjs.org/jwa/-/jwa-2.0.1.tgz. Extracting by manifest.
95 silly tarball no local data for semver@https://registry.npmjs.org/semver/-/semver-7.8.0.tgz. Extracting by manifest.
96 silly tarball no local data for ms@https://registry.npmjs.org/ms/-/ms-2.1.3.tgz. Extracting by manifest.
97 silly tarball no local data for lodash.once@https://registry.npmjs.org/lodash.once/-/lodash.once-4.1.1.tgz. Extracting by manifest.
98 silly tarball no local data for lodash.isstring@https://registry.npmjs.org/lodash.isstring/-/lodash.isstring-4.0.1.tgz. Extracting by manifest.
99 silly tarball no local data for lodash.isplainobject@https://registry.npmjs.org/lodash.isplainobject/-/lodash.isplainobject-4.0.6.tgz. Extracting by manifest.
100 silly tarball no local data for lodash.isnumber@https://registry.npmjs.org/lodash.isnumber/-/lodash.isnumber-3.0.3.tgz. Extracting by manifest.
101 silly tarball no local data for lodash.isinteger@https://registry.npmjs.org/lodash.isinteger/-/lodash.isinteger-4.0.4.tgz. Extracting by manifest.
102 silly tarball no local data for lodash.isboolean@https://registry.npmjs.org/lodash.isboolean/-/lodash.isboolean-3.0.3.tgz. Extracting by manifest.
103 silly tarball no local data for lodash.includes@https://registry.npmjs.org/lodash.includes/-/lodash.includes-4.3.0.tgz. Extracting by manifest.
104 silly tarball no local data for jws@https://registry.npmjs.org/jws/-/jws-4.0.1.tgz. Extracting by manifest.
105 silly tarball no local data for jsonwebtoken@https://registry.npmjs.org/jsonwebtoken/-/jsonwebtoken-9.0.3.tgz. Extracting by manifest.
106 http fetch POST 200 https://registry.npmjs.org/-/npm/v1/security/advisories/bulk 138ms
107 silly audit report {}
108 http fetch GET 200 https://registry.npmjs.org/lodash.isinteger/-/lodash.isinteger-4.0.4.tgz 158ms (cache miss)
109 http fetch GET 200 https://registry.npmjs.org/jwa/-/jwa-2.0.1.tgz 164ms (cache miss)
110 http fetch GET 200 https://registry.npmjs.org/buffer-equal-constant-time/-/buffer-equal-constant-time-1.0.1.tgz 166ms (cache miss)
111 http fetch GET 200 https://registry.npmjs.org/ms/-/ms-2.1.3.tgz 164ms (cache miss)
112 http fetch GET 200 https://registry.npmjs.org/lodash.isstring/-/lodash.isstring-4.0.1.tgz 162ms (cache miss)
113 http fetch GET 200 https://registry.npmjs.org/lodash.once/-/lodash.once-4.1.1.tgz 165ms (cache miss)
114 http fetch GET 200 https://registry.npmjs.org/lodash.isplainobject/-/lodash.isplainobject-4.0.6.tgz 163ms (cache miss)
115 http fetch GET 200 https://registry.npmjs.org/lodash.includes/-/lodash.includes-4.3.0.tgz 162ms (cache miss)
116 http fetch GET 200 https://registry.npmjs.org/lodash.isnumber/-/lodash.isnumber-3.0.3.tgz 165ms (cache miss)
117 http fetch GET 200 https://registry.npmjs.org/ecdsa-sig-formatter/-/ecdsa-sig-formatter-1.0.11.tgz 171ms (cache miss)
118 http fetch GET 200 https://registry.npmjs.org/lodash.isboolean/-/lodash.isboolean-3.0.3.tgz 165ms (cache miss)
119 http fetch GET 200 https://registry.npmjs.org/safe-buffer/-/safe-buffer-5.2.1.tgz 175ms (cache miss)
120 http fetch GET 200 https://registry.npmjs.org/jws/-/jws-4.0.1.tgz 170ms (cache miss)
121 http fetch GET 200 https://registry.npmjs.org/jsonwebtoken/-/jsonwebtoken-9.0.3.tgz 172ms (cache miss)
122 http fetch GET 200 https://registry.npmjs.org/semver/-/semver-7.8.0.tgz 185ms (cache miss)
123 silly ADD node_modules/ecdsa-sig-formatter
124 silly ADD node_modules/buffer-equal-constant-time
125 silly ADD node_modules/safe-buffer
126 silly ADD node_modules/jwa
127 silly ADD node_modules/semver
128 silly ADD node_modules/ms
129 silly ADD node_modules/lodash.once
130 silly ADD node_modules/lodash.isstring
131 silly ADD node_modules/lodash.isplainobject
132 silly ADD node_modules/lodash.isnumber
133 silly ADD node_modules/lodash.isinteger
134 silly ADD node_modules/lodash.isboolean
135 silly ADD node_modules/lodash.includes
136 silly ADD node_modules/jws
137 silly ADD node_modules/jsonwebtoken
138 verbose cwd /home/ec2-user/livekit/token-generator
139 verbose os Linux 6.1.170-213.321.amzn2023.x86_64
140 verbose node v18.20.8
141 verbose npm  v10.8.2
142 verbose exit 0
143 info ok
